
[1m[46m RUN [49m[22m [36mv4.0.18 [39m[90mD:/AGP-Website[39m

node.exe : 
[90mstderr[2m | sr
c/test/Hero.test.jsx
[2m > 
[22m[2mHero 
Component[2m > 
[22m[2mrenders 
the main headlines
At line:1 char:1
+ & "C:\Program File
s\nodejs/node.exe" 
"C:\Program Files\no
dejs/node_mo ...
+ ~~~~~~~~~~~~~~~~~~
~~~~~~~~~~~~~~~~~~~~
~~~~~~~~~~~~~~~~~~~~
~~~~~~~~~~~
    + CategoryInfo  
            : NotS  
  pecified: ([90   
 mstderr[2m...     
main headlines:    
String) [], Rem    
oteException
    + FullyQualifie 
   dErrorId : Nati  
  veCommandError
 
[22m[39m[vitest] 
The vi.fn() mock 
did not use 
'function' or 
'class' in its 
implementation, see 
https://vitest.dev/a
pi/vi#vi-spyon for 
examples.
[vitest] The 
vi.fn() mock did 
not use 'function' 
or 'class' in its 
implementation, see 
https://vitest.dev/a
pi/vi#vi-spyon for 
examples.

[90mstderr[2m | sr
c/test/Hero.test.jsx
[2m > 
[22m[2mHero 
Component[2m > 
[22m[2mrenders 
call-to-action 
buttons
[22m[39m[vitest] 
The vi.fn() mock 
did not use 
'function' or 
'class' in its 
implementation, see 
https://vitest.dev/a
pi/vi#vi-spyon for 
examples.
[vitest] The 
vi.fn() mock did 
not use 'function' 
or 'class' in its 
implementation, see 
https://vitest.dev/a
pi/vi#vi-spyon for 
examples.

[90mstderr[2m | sr
c/test/Hero.test.jsx
[2m > 
[22m[2mHero 
Component[2m > 
[22m[2mcontains 
the "Est. 2019" 
badge
[22m[39m[vitest] 
The vi.fn() mock 
did not use 
'function' or 
'class' in its 
implementation, see 
https://vitest.dev/a
pi/vi#vi-spyon for 
examples.
[vitest] The 
vi.fn() mock did 
not use 'function' 
or 'class' in its 
implementation, see 
https://vitest.dev/a
pi/vi#vi-spyon for 
examples.

[90mstderr[2m | sr
c/test/Hero.test.jsx
[2m > 
[22m[2mHero 
Component[2m > 
[22m[2mrenders 
the floating 
delivery card with 
correct animation 
class
[22m[39m[vitest] 
The vi.fn() mock 
did not use 
'function' or 
'class' in its 
implementation, see 
https://vitest.dev/a
pi/vi#vi-spyon for 
examples.
[vitest] The 
vi.fn() mock did 
not use 'function' 
or 'class' in its 
implementation, see 
https://vitest.dev/a
pi/vi#vi-spyon for 
examples.

 [31mΓ¥»[39m src/test/Hero.test.jsx [2m([22m[2m4 tests[22m[2m | [22m[31m4 failed[39m[2m)[22m[32m 83[2mms[22m[39m
[31m     [31m├ù[31m renders the main headlines[39m[32m 68[2mms[22m[39m
[31m     [31m├ù[31m renders call-to-action buttons[39m[32m 5[2mms[22m[39m
[31m     [31m├ù[31m contains the "Est. 2019" badge[39m[32m 5[2mms[22m[39m
[31m     [31m├ù[31m renders the floating delivery card with correct animation class[39m[32m 4[2mms[22m[39m

[31mΓÄ»ΓÄ»ΓÄ»ΓÄ»ΓÄ»
ΓÄ»ΓÄ»[39m[1m[41m
 Failed Tests 4 [49
m[22m[31mΓÄ»ΓÄ»ΓÄ»
ΓÄ»ΓÄ»ΓÄ»ΓÄ»[39m

[41m[1m FAIL 
[22m[49m src/test/
Hero.test.jsx[2m > 
[22mHero 
Component[2m > 
[22mrenders the 
main headlines
{
  stack: 
'AggregateError: 
\n' +
    '    at 
aggregateErrors (D:\
\AGP-Website\\node_m
odules\\react\\cjs\\
react.development.js
:551:11)\n' +
    '    at process.
env.NODE_ENV.exports
.act (D:\\AGP-Websit
e\\node_modules\\rea
ct\\cjs\\react.devel
opment.js:897:24)\n'
 +
    '    at D:\\AGP-
Website\\node_module
s\\@testing-library\
\react\\dist\\act-co
mpat.js:46:25\n' +
    '    at 
renderRoot (D:\\AGP-
Website\\node_module
s\\@testing-library\
\react\\dist\\pure.j
s:189:26)\n' +
    '    at render (
D:\\AGP-Website\\nod
e_modules\\@testing-
library\\react\\dist
\\pure.js:291:10)\n'
 +
    '    at D:/AGP-W
ebsite/src/test/Hero
.test.jsx:8:9\n' +
    '    at file:///
D:/AGP-Website/node_
modules/@vitest/runn
er/dist/index.js:145
:11\n' +
    '    at file:///
D:/AGP-Website/node_
modules/@vitest/runn
er/dist/index.js:915
:26\n' +
    '    at file:///
D:/AGP-Website/node_
modules/@vitest/runn
er/dist/index.js:124
3:20\n' +
    '    at new 
Promise 
(<anonymous>)',
  errors: [
    {
      stack: 
'TypeError: () => 
({\n' +
        '  
disconnect: __vite_s
sr_import_2__.vi.fn(
),\n' +
        '  observe: 
__vite_ssr_import_2_
_.vi.fn(),\n' +
        '  
takeRecords: 
...<omitted>...}) 
is not a 
constructor\n' +
        '    at new 
Mock (file:///D:/AGP
-Website/node_module
s/@vitest/spy/dist/i
ndex.js:262:27)\n' +
        '    at init
IntersectionObserver
 (file:///D:/AGP-Web
site/node_modules/fr
amer-motion/dist/es/
motion/features/view
port/observers.mjs:3
5:30)\n' +
        '    at 
observeIntersection 
(file:///D:/AGP-Webs
ite/node_modules/fra
mer-motion/dist/es/m
otion/features/viewp
ort/observers.mjs:40
:39)\n' +
        '    at InVi
ewFeature.startObser
ver (file:///D:/AGP-
Website/node_modules
/framer-motion/dist/
es/motion/features/v
iewport/index.mjs:52
:16)\n' +
        '    at 
InViewFeature.mount 
(file:///D:/AGP-Webs
ite/node_modules/fra
mer-motion/dist/es/m
otion/features/viewp
ort/index.mjs:55:14)
\n' +
        '    at HTML
VisualElement.update
Features (file:///D:
/AGP-Website/node_mo
dules/motion-dom/dis
t/es/render/VisualEl
ement.mjs:292:29)\n'
 +
        '    at file
:///D:/AGP-Website/n
ode_modules/framer-m
otion/dist/es/motion
/utils/use-visual-el
ement.mjs:91:23\n' +
        '    at Obje
ct.react_stack_botto
m_frame (D:\\AGP-Web
site\\node_modules\\
react-dom\\cjs\\reac
t-dom-client.develop
ment.js:25989:20)\n'
 +
        '    at 
runWithFiberInDEV (D
:\\AGP-Website\\node
_modules\\react-dom\
\cjs\\react-dom-clie
nt.development.js:87
4:13)\n' +
        '    at comm
itHookEffectListMoun
t (D:\\AGP-Website\\
node_modules\\react-
dom\\cjs\\react-dom-
client.development.j
s:13249:29)',
      message: '() 
=> ({\n' +
        '  
disconnect: __vite_s
sr_import_2__.vi.fn(
),\n' +
        '  observe: 
__vite_ssr_import_2_
_.vi.fn(),\n' +
        '  
takeRecords: 
...<omitted>...}) 
is not a 
constructor',
      constructor: '
Function<TypeError>'
,
      name: 
'TypeError',
      toString: 
'Function<toString>'
    },
    {
      stack: 
'TypeError: () => 
({\n' +
        '  
disconnect: __vite_s
sr_import_2__.vi.fn(
),\n' +
        '  observe: 
__vite_ssr_import_2_
_.vi.fn(),\n' +
        '  
takeRecords: 
...<omitted>...}) 
is not a 
constructor\n' +
        '    at new 
Mock (file:///D:/AGP
-Website/node_module
s/@vitest/spy/dist/i
ndex.js:262:27)\n' +
        '    at init
IntersectionObserver
 (file:///D:/AGP-Web
site/node_modules/fr
amer-motion/dist/es/
motion/features/view
port/observers.mjs:3
5:30)\n' +
        '    at 
observeIntersection 
(file:///D:/AGP-Webs
ite/node_modules/fra
mer-motion/dist/es/m
otion/features/viewp
ort/observers.mjs:40
:39)\n' +
        '    at InVi
ewFeature.startObser
ver (file:///D:/AGP-
Website/node_modules
/framer-motion/dist/
es/motion/features/v
iewport/index.mjs:52
:16)\n' +
        '    at 
InViewFeature.mount 
(file:///D:/AGP-Webs
ite/node_modules/fra
mer-motion/dist/es/m
otion/features/viewp
ort/index.mjs:55:14)
\n' +
        '    at HTML
VisualElement.update
Features (file:///D:
/AGP-Website/node_mo
dules/motion-dom/dis
t/es/render/VisualEl
ement.mjs:292:29)\n'
 +
        '    at file
:///D:/AGP-Website/n
ode_modules/framer-m
otion/dist/es/motion
/utils/use-visual-el
ement.mjs:91:23\n' +
        '    at Obje
ct.react_stack_botto
m_frame (D:\\AGP-Web
site\\node_modules\\
react-dom\\cjs\\reac
t-dom-client.develop
ment.js:25989:20)\n'
 +
        '    at 
runWithFiberInDEV (D
:\\AGP-Website\\node
_modules\\react-dom\
\cjs\\react-dom-clie
nt.development.js:87
4:13)\n' +
        '    at comm
itHookEffectListMoun
t (D:\\AGP-Website\\
node_modules\\react-
dom\\cjs\\react-dom-
client.development.j
s:13249:29)',
      message: '() 
=> ({\n' +
        '  
disconnect: __vite_s
sr_import_2__.vi.fn(
),\n' +
        '  observe: 
__vite_ssr_import_2_
_.vi.fn(),\n' +
        '  
takeRecords: 
...<omitted>...}) 
is not a 
constructor',
      constructor: '
Function<TypeError>'
,
      name: 
'TypeError',
      toString: 
'Function<toString>'
    }
  ],
  constructor: 'Func
tion<AggregateError>
',
  name: 
'AggregateError',
  message: '',
  toString: 'Functio
n<toString>',
  stacks: [
    {
      method: 
'aggregateErrors',
      file: 'D:/AGP-
Website/node_modules
/react/cjs/react.dev
elopment.js',
      line: 551,
      column: 11
    },
    {
      method: 'proce
ss.env.NODE_ENV.expo
rts.act',
      file: 'D:/AGP-
Website/node_modules
/react/cjs/react.dev
elopment.js',
      line: 897,
      column: 24
    },
    {
      method: '',
      file: 'D:/AGP-
Website/node_modules
/@testing-library/re
act/dist/act-compat.
js',
      line: 46,
      column: 25
    },
    {
      method: 
'renderRoot',
      file: 'D:/AGP-
Website/node_modules
/@testing-library/re
act/dist/pure.js',
      line: 189,
      column: 26
    },
    {
      method: 
'render',
      file: 'D:/AGP-
Website/node_modules
/@testing-library/re
act/dist/pure.js',
      line: 291,
      column: 10
    },
    {
      method: '',
      file: 'D:/AGP-
Website/src/test/Her
o.test.jsx',
      line: 8,
      column: 9
    }
  ]
}
[90m [2mΓ¥»[22m 
aggregateErrors node
_modules/react/cjs/r
eact.development.js:
[2m551:11[22m[39m
[90m [2mΓ¥»[22m p
rocess.env.NODE_ENV.
exports.act node_mod
ules/react/cjs/react
.development.js:[2m
897:24[22m[39m
[90m [2mΓ¥»[22m n
ode_modules/@testing
-library/react/dist/
act-compat.js:[2m46
:25[22m[39m
[90m [2mΓ¥»[22m 
renderRoot node_modu
les/@testing-library
/react/dist/pure.js:
[2m189:26[22m[39m
[90m [2mΓ¥»[22m 
render node_modules/
@testing-library/rea
ct/dist/pure.js:[2m
291:10[22m[39m
[36m [2mΓ¥»[22m s
rc/test/Hero.test.js
x:[2m8:9[22m[39m
    [90m  6| [39m
[34mdescribe[39m([
32m'Hero Component'
[39m[33m,[39m () 
[33m=>[39m {
    [90m  7| [39m 
   [34mit[39m([32
m'renders the main h
eadlines'[39m[33m,
[39m () 
[33m=>[39m {
    [90m  8| [39m 
       [34mrender[
39m([33m<[39m[33m
Hero[39m [33m/[39
m[33m>[39m)[33m;
[39m
    [90m   | [39m 
       [31m^[39m
    [90m  9| [39m 
       [34mexpect[
39m(screen[33m.[39
m[34mgetByText[39m
([36m/PRECISION/i[
39m))[33m.[39m[34
mtoBeInTheDocument[
39m()[33m;[39m
    [90m 10| [39m 
       [34mexpect[
39m(screen[33m.[39
m[34mgetByText[39m
([36m/IN PRINT/i[3
9m))[33m.[39m[34m
toBeInTheDocument[3
9m()[33m;[39m

[31m[2mΓÄ»ΓÄ»ΓÄ»ΓÄ
»ΓÄ»ΓÄ»ΓÄ»ΓÄ»ΓÄ»ΓÄ»Γ
Ä»ΓÄ»ΓÄ»ΓÄ»ΓÄ»ΓÄ»ΓÄ»
ΓÄ»ΓÄ»ΓÄ»ΓÄ»ΓÄ»ΓÄ»ΓÄ
»[1/4]ΓÄ»[22m[39m

[41m[1m FAIL 
[22m[49m src/test/
Hero.test.jsx[2m > 
[22mHero 
Component[2m > 
[22mrenders 
call-to-action 
buttons
{
  stack: 
'AggregateError: 
\n' +
    '    at 
aggregateErrors (D:\
\AGP-Website\\node_m
odules\\react\\cjs\\
react.development.js
:551:11)\n' +
    '    at process.
env.NODE_ENV.exports
.act (D:\\AGP-Websit
e\\node_modules\\rea
ct\\cjs\\react.devel
opment.js:897:24)\n'
 +
    '    at D:\\AGP-
Website\\node_module
s\\@testing-library\
\react\\dist\\act-co
mpat.js:46:25\n' +
    '    at 
renderRoot (D:\\AGP-
Website\\node_module
s\\@testing-library\
\react\\dist\\pure.j
s:189:26)\n' +
    '    at render (
D:\\AGP-Website\\nod
e_modules\\@testing-
library\\react\\dist
\\pure.js:291:10)\n'
 +
    '    at D:/AGP-W
ebsite/src/test/Hero
.test.jsx:15:9\n' +
    '    at file:///
D:/AGP-Website/node_
modules/@vitest/runn
er/dist/index.js:145
:11\n' +
    '    at file:///
D:/AGP-Website/node_
modules/@vitest/runn
er/dist/index.js:915
:26\n' +
    '    at file:///
D:/AGP-Website/node_
modules/@vitest/runn
er/dist/index.js:124
3:20\n' +
    '    at new 
Promise 
(<anonymous>)',
  errors: [
    {
      stack: 
'TypeError: () => 
({\n' +
        '  
disconnect: __vite_s
sr_import_2__.vi.fn(
),\n' +
        '  observe: 
__vite_ssr_import_2_
_.vi.fn(),\n' +
        '  
takeRecords: 
...<omitted>...}) 
is not a 
constructor\n' +
        '    at new 
Mock (file:///D:/AGP
-Website/node_module
s/@vitest/spy/dist/i
ndex.js:262:27)\n' +
        '    at init
IntersectionObserver
 (file:///D:/AGP-Web
site/node_modules/fr
amer-motion/dist/es/
motion/features/view
port/observers.mjs:3
5:30)\n' +
        '    at 
observeIntersection 
(file:///D:/AGP-Webs
ite/node_modules/fra
mer-motion/dist/es/m
otion/features/viewp
ort/observers.mjs:40
:39)\n' +
        '    at InVi
ewFeature.startObser
ver (file:///D:/AGP-
Website/node_modules
/framer-motion/dist/
es/motion/features/v
iewport/index.mjs:52
:16)\n' +
        '    at 
InViewFeature.mount 
(file:///D:/AGP-Webs
ite/node_modules/fra
mer-motion/dist/es/m
otion/features/viewp
ort/index.mjs:55:14)
\n' +
        '    at HTML
VisualElement.update
Features (file:///D:
/AGP-Website/node_mo
dules/motion-dom/dis
t/es/render/VisualEl
ement.mjs:292:29)\n'
 +
        '    at file
:///D:/AGP-Website/n
ode_modules/framer-m
otion/dist/es/motion
/utils/use-visual-el
ement.mjs:91:23\n' +
        '    at Obje
ct.react_stack_botto
m_frame (D:\\AGP-Web
site\\node_modules\\
react-dom\\cjs\\reac
t-dom-client.develop
ment.js:25989:20)\n'
 +
        '    at 
runWithFiberInDEV (D
:\\AGP-Website\\node
_modules\\react-dom\
\cjs\\react-dom-clie
nt.development.js:87
4:13)\n' +
        '    at comm
itHookEffectListMoun
t (D:\\AGP-Website\\
node_modules\\react-
dom\\cjs\\react-dom-
client.development.j
s:13249:29)',
      message: '() 
=> ({\n' +
        '  
disconnect: __vite_s
sr_import_2__.vi.fn(
),\n' +
        '  observe: 
__vite_ssr_import_2_
_.vi.fn(),\n' +
        '  
takeRecords: 
...<omitted>...}) 
is not a 
constructor',
      constructor: '
Function<TypeError>'
,
      name: 
'TypeError',
      toString: 
'Function<toString>'
    },
    {
      stack: 
'TypeError: () => 
({\n' +
        '  
disconnect: __vite_s
sr_import_2__.vi.fn(
),\n' +
        '  observe: 
__vite_ssr_import_2_
_.vi.fn(),\n' +
        '  
takeRecords: 
...<omitted>...}) 
is not a 
constructor\n' +
        '    at new 
Mock (file:///D:/AGP
-Website/node_module
s/@vitest/spy/dist/i
ndex.js:262:27)\n' +
        '    at init
IntersectionObserver
 (file:///D:/AGP-Web
site/node_modules/fr
amer-motion/dist/es/
motion/features/view
port/observers.mjs:3
5:30)\n' +
        '    at 
observeIntersection 
(file:///D:/AGP-Webs
ite/node_modules/fra
mer-motion/dist/es/m
otion/features/viewp
ort/observers.mjs:40
:39)\n' +
        '    at InVi
ewFeature.startObser
ver (file:///D:/AGP-
Website/node_modules
/framer-motion/dist/
es/motion/features/v
iewport/index.mjs:52
:16)\n' +
        '    at 
InViewFeature.mount 
(file:///D:/AGP-Webs
ite/node_modules/fra
mer-motion/dist/es/m
otion/features/viewp
ort/index.mjs:55:14)
\n' +
        '    at HTML
VisualElement.update
Features (file:///D:
/AGP-Website/node_mo
dules/motion-dom/dis
t/es/render/VisualEl
ement.mjs:292:29)\n'
 +
        '    at file
:///D:/AGP-Website/n
ode_modules/framer-m
otion/dist/es/motion
/utils/use-visual-el
ement.mjs:91:23\n' +
        '    at Obje
ct.react_stack_botto
m_frame (D:\\AGP-Web
site\\node_modules\\
react-dom\\cjs\\reac
t-dom-client.develop
ment.js:25989:20)\n'
 +
        '    at 
runWithFiberInDEV (D
:\\AGP-Website\\node
_modules\\react-dom\
\cjs\\react-dom-clie
nt.development.js:87
4:13)\n' +
        '    at comm
itHookEffectListMoun
t (D:\\AGP-Website\\
node_modules\\react-
dom\\cjs\\react-dom-
client.development.j
s:13249:29)',
      message: '() 
=> ({\n' +
        '  
disconnect: __vite_s
sr_import_2__.vi.fn(
),\n' +
        '  observe: 
__vite_ssr_import_2_
_.vi.fn(),\n' +
        '  
takeRecords: 
...<omitted>...}) 
is not a 
constructor',
      constructor: '
Function<TypeError>'
,
      name: 
'TypeError',
      toString: 
'Function<toString>'
    }
  ],
  constructor: 'Func
tion<AggregateError>
',
  name: 
'AggregateError',
  message: '',
  toString: 'Functio
n<toString>',
  stacks: [
    {
      method: 
'aggregateErrors',
      file: 'D:/AGP-
Website/node_modules
/react/cjs/react.dev
elopment.js',
      line: 551,
      column: 11
    },
    {
      method: 'proce
ss.env.NODE_ENV.expo
rts.act',
      file: 'D:/AGP-
Website/node_modules
/react/cjs/react.dev
elopment.js',
      line: 897,
      column: 24
    },
    {
      method: '',
      file: 'D:/AGP-
Website/node_modules
/@testing-library/re
act/dist/act-compat.
js',
      line: 46,
      column: 25
    },
    {
      method: 
'renderRoot',
      file: 'D:/AGP-
Website/node_modules
/@testing-library/re
act/dist/pure.js',
      line: 189,
      column: 26
    },
    {
      method: 
'render',
      file: 'D:/AGP-
Website/node_modules
/@testing-library/re
act/dist/pure.js',
      line: 291,
      column: 10
    },
    {
      method: '',
      file: 'D:/AGP-
Website/src/test/Her
o.test.jsx',
      line: 15,
      column: 9
    }
  ]
}
[90m [2mΓ¥»[22m 
aggregateErrors node
_modules/react/cjs/r
eact.development.js:
[2m551:11[22m[39m
[90m [2mΓ¥»[22m p
rocess.env.NODE_ENV.
exports.act node_mod
ules/react/cjs/react
.development.js:[2m
897:24[22m[39m
[90m [2mΓ¥»[22m n
ode_modules/@testing
-library/react/dist/
act-compat.js:[2m46
:25[22m[39m
[90m [2mΓ¥»[22m 
renderRoot node_modu
les/@testing-library
/react/dist/pure.js:
[2m189:26[22m[39m
[90m [2mΓ¥»[22m 
render node_modules/
@testing-library/rea
ct/dist/pure.js:[2m
291:10[22m[39m
[36m [2mΓ¥»[22m s
rc/test/Hero.test.js
x:[2m15:9[22m[39m
    [90m 13| [39m
    [90m 14| [39m 
   [34mit[39m([32
m'renders 
call-to-action butto
ns'[39m[33m,[39m 
() [33m=>[39m {
    [90m 15| [39m 
       [34mrender[
39m([33m<[39m[33m
Hero[39m [33m/[39
m[33m>[39m)[33m;
[39m
    [90m   | [39m 
       [31m^[39m
    [90m 16| [39m 
       [34mexpect[
39m(screen[33m.[39
m[34mgetByText[39m
([36m/Start Project
/i[39m))[33m.[39m
[34mtoBeInTheDocume
nt[39m()[33m;[39m
    [90m 17| [39m 
       [34mexpect[
39m(screen[33m.[39
m[34mgetByText[39m
([36m/Our Work/i[3
9m))[33m.[39m[34m
toBeInTheDocument[3
9m()[33m;[39m

[31m[2mΓÄ»ΓÄ»ΓÄ»ΓÄ
»ΓÄ»ΓÄ»ΓÄ»ΓÄ»ΓÄ»ΓÄ»Γ
Ä»ΓÄ»ΓÄ»ΓÄ»ΓÄ»ΓÄ»ΓÄ»
ΓÄ»ΓÄ»ΓÄ»ΓÄ»ΓÄ»ΓÄ»ΓÄ
»[2/4]ΓÄ»[22m[39m

[41m[1m FAIL 
[22m[49m src/test/
Hero.test.jsx[2m > 
[22mHero 
Component[2m > 
[22mcontains the 
"Est. 2019" badge
{
  stack: 
'AggregateError: 
\n' +
    '    at 
aggregateErrors (D:\
\AGP-Website\\node_m
odules\\react\\cjs\\
react.development.js
:551:11)\n' +
    '    at process.
env.NODE_ENV.exports
.act (D:\\AGP-Websit
e\\node_modules\\rea
ct\\cjs\\react.devel
opment.js:897:24)\n'
 +
    '    at D:\\AGP-
Website\\node_module
s\\@testing-library\
\react\\dist\\act-co
mpat.js:46:25\n' +
    '    at 
renderRoot (D:\\AGP-
Website\\node_module
s\\@testing-library\
\react\\dist\\pure.j
s:189:26)\n' +
    '    at render (
D:\\AGP-Website\\nod
e_modules\\@testing-
library\\react\\dist
\\pure.js:291:10)\n'
 +
    '    at D:/AGP-W
ebsite/src/test/Hero
.test.jsx:21:9\n' +
    '    at file:///
D:/AGP-Website/node_
modules/@vitest/runn
er/dist/index.js:145
:11\n' +
    '    at file:///
D:/AGP-Website/node_
modules/@vitest/runn
er/dist/index.js:915
:26\n' +
    '    at file:///
D:/AGP-Website/node_
modules/@vitest/runn
er/dist/index.js:124
3:20\n' +
    '    at new 
Promise 
(<anonymous>)',
  errors: [
    {
      stack: 
'TypeError: () => 
({\n' +
        '  
disconnect: __vite_s
sr_import_2__.vi.fn(
),\n' +
        '  observe: 
__vite_ssr_import_2_
_.vi.fn(),\n' +
        '  
takeRecords: 
...<omitted>...}) 
is not a 
constructor\n' +
        '    at new 
Mock (file:///D:/AGP
-Website/node_module
s/@vitest/spy/dist/i
ndex.js:262:27)\n' +
        '    at init
IntersectionObserver
 (file:///D:/AGP-Web
site/node_modules/fr
amer-motion/dist/es/
motion/features/view
port/observers.mjs:3
5:30)\n' +
        '    at 
observeIntersection 
(file:///D:/AGP-Webs
ite/node_modules/fra
mer-motion/dist/es/m
otion/features/viewp
ort/observers.mjs:40
:39)\n' +
        '    at InVi
ewFeature.startObser
ver (file:///D:/AGP-
Website/node_modules
/framer-motion/dist/
es/motion/features/v
iewport/index.mjs:52
:16)\n' +
        '    at 
InViewFeature.mount 
(file:///D:/AGP-Webs
ite/node_modules/fra
mer-motion/dist/es/m
otion/features/viewp
ort/index.mjs:55:14)
\n' +
        '    at HTML
VisualElement.update
Features (file:///D:
/AGP-Website/node_mo
dules/motion-dom/dis
t/es/render/VisualEl
ement.mjs:292:29)\n'
 +
        '    at file
:///D:/AGP-Website/n
ode_modules/framer-m
otion/dist/es/motion
/utils/use-visual-el
ement.mjs:91:23\n' +
        '    at Obje
ct.react_stack_botto
m_frame (D:\\AGP-Web
site\\node_modules\\
react-dom\\cjs\\reac
t-dom-client.develop
ment.js:25989:20)\n'
 +
        '    at 
runWithFiberInDEV (D
:\\AGP-Website\\node
_modules\\react-dom\
\cjs\\react-dom-clie
nt.development.js:87
4:13)\n' +
        '    at comm
itHookEffectListMoun
t (D:\\AGP-Website\\
node_modules\\react-
dom\\cjs\\react-dom-
client.development.j
s:13249:29)',
      message: '() 
=> ({\n' +
        '  
disconnect: __vite_s
sr_import_2__.vi.fn(
),\n' +
        '  observe: 
__vite_ssr_import_2_
_.vi.fn(),\n' +
        '  
takeRecords: 
...<omitted>...}) 
is not a 
constructor',
      constructor: '
Function<TypeError>'
,
      name: 
'TypeError',
      toString: 
'Function<toString>'
    },
    {
      stack: 
'TypeError: () => 
({\n' +
        '  
disconnect: __vite_s
sr_import_2__.vi.fn(
),\n' +
        '  observe: 
__vite_ssr_import_2_
_.vi.fn(),\n' +
        '  
takeRecords: 
...<omitted>...}) 
is not a 
constructor\n' +
        '    at new 
Mock (file:///D:/AGP
-Website/node_module
s/@vitest/spy/dist/i
ndex.js:262:27)\n' +
        '    at init
IntersectionObserver
 (file:///D:/AGP-Web
site/node_modules/fr
amer-motion/dist/es/
motion/features/view
port/observers.mjs:3
5:30)\n' +
        '    at 
observeIntersection 
(file:///D:/AGP-Webs
ite/node_modules/fra
mer-motion/dist/es/m
otion/features/viewp
ort/observers.mjs:40
:39)\n' +
        '    at InVi
ewFeature.startObser
ver (file:///D:/AGP-
Website/node_modules
/framer-motion/dist/
es/motion/features/v
iewport/index.mjs:52
:16)\n' +
        '    at 
InViewFeature.mount 
(file:///D:/AGP-Webs
ite/node_modules/fra
mer-motion/dist/es/m
otion/features/viewp
ort/index.mjs:55:14)
\n' +
        '    at HTML
VisualElement.update
Features (file:///D:
/AGP-Website/node_mo
dules/motion-dom/dis
t/es/render/VisualEl
ement.mjs:292:29)\n'
 +
        '    at file
:///D:/AGP-Website/n
ode_modules/framer-m
otion/dist/es/motion
/utils/use-visual-el
ement.mjs:91:23\n' +
        '    at Obje
ct.react_stack_botto
m_frame (D:\\AGP-Web
site\\node_modules\\
react-dom\\cjs\\reac
t-dom-client.develop
ment.js:25989:20)\n'
 +
        '    at 
runWithFiberInDEV (D
:\\AGP-Website\\node
_modules\\react-dom\
\cjs\\react-dom-clie
nt.development.js:87
4:13)\n' +
        '    at comm
itHookEffectListMoun
t (D:\\AGP-Website\\
node_modules\\react-
dom\\cjs\\react-dom-
client.development.j
s:13249:29)',
      message: '() 
=> ({\n' +
        '  
disconnect: __vite_s
sr_import_2__.vi.fn(
),\n' +
        '  observe: 
__vite_ssr_import_2_
_.vi.fn(),\n' +
        '  
takeRecords: 
...<omitted>...}) 
is not a 
constructor',
      constructor: '
Function<TypeError>'
,
      name: 
'TypeError',
      toString: 
'Function<toString>'
    }
  ],
  constructor: 'Func
tion<AggregateError>
',
  name: 
'AggregateError',
  message: '',
  toString: 'Functio
n<toString>',
  stacks: [
    {
      method: 
'aggregateErrors',
      file: 'D:/AGP-
Website/node_modules
/react/cjs/react.dev
elopment.js',
      line: 551,
      column: 11
    },
    {
      method: 'proce
ss.env.NODE_ENV.expo
rts.act',
      file: 'D:/AGP-
Website/node_modules
/react/cjs/react.dev
elopment.js',
      line: 897,
      column: 24
    },
    {
      method: '',
      file: 'D:/AGP-
Website/node_modules
/@testing-library/re
act/dist/act-compat.
js',
      line: 46,
      column: 25
    },
    {
      method: 
'renderRoot',
      file: 'D:/AGP-
Website/node_modules
/@testing-library/re
act/dist/pure.js',
      line: 189,
      column: 26
    },
    {
      method: 
'render',
      file: 'D:/AGP-
Website/node_modules
/@testing-library/re
act/dist/pure.js',
      line: 291,
      column: 10
    },
    {
      method: '',
      file: 'D:/AGP-
Website/src/test/Her
o.test.jsx',
      line: 21,
      column: 9
    }
  ]
}
[90m [2mΓ¥»[22m 
aggregateErrors node
_modules/react/cjs/r
eact.development.js:
[2m551:11[22m[39m
[90m [2mΓ¥»[22m p
rocess.env.NODE_ENV.
exports.act node_mod
ules/react/cjs/react
.development.js:[2m
897:24[22m[39m
[90m [2mΓ¥»[22m n
ode_modules/@testing
-library/react/dist/
act-compat.js:[2m46
:25[22m[39m
[90m [2mΓ¥»[22m 
renderRoot node_modu
les/@testing-library
/react/dist/pure.js:
[2m189:26[22m[39m
[90m [2mΓ¥»[22m 
render node_modules/
@testing-library/rea
ct/dist/pure.js:[2m
291:10[22m[39m
[36m [2mΓ¥»[22m s
rc/test/Hero.test.js
x:[2m21:9[22m[39m
    [90m 19| [39m
    [90m 20| [39m 
   [34mit[39m([32
m'contains the 
"Est. 2019" badge'[
39m[33m,[39m () 
[33m=>[39m {
    [90m 21| [39m 
       [34mrender[
39m([33m<[39m[33m
Hero[39m [33m/[39
m[33m>[39m)[33m;
[39m
    [90m   | [39m 
       [31m^[39m
    [90m 22| [39m 
       [34mexpect[
39m(screen[33m.[39
m[34mgetByText[39m
([36m/Est. 2019/i[
39m))[33m.[39m[34
mtoBeInTheDocument[
39m()[33m;[39m
    [90m 23| [39m 
   })[33m;[39m

[31m[2mΓÄ»ΓÄ»ΓÄ»ΓÄ
»ΓÄ»ΓÄ»ΓÄ»ΓÄ»ΓÄ»ΓÄ»Γ
Ä»ΓÄ»ΓÄ»ΓÄ»ΓÄ»ΓÄ»ΓÄ»
ΓÄ»ΓÄ»ΓÄ»ΓÄ»ΓÄ»ΓÄ»ΓÄ
»[3/4]ΓÄ»[22m[39m

[41m[1m FAIL 
[22m[49m src/test/
Hero.test.jsx[2m > 
[22mHero 
Component[2m > 
[22mrenders the 
floating delivery 
card with correct 
animation class
{
  stack: 
'AggregateError: 
\n' +
    '    at 
aggregateErrors (D:\
\AGP-Website\\node_m
odules\\react\\cjs\\
react.development.js
:551:11)\n' +
    '    at process.
env.NODE_ENV.exports
.act (D:\\AGP-Websit
e\\node_modules\\rea
ct\\cjs\\react.devel
opment.js:897:24)\n'
 +
    '    at D:\\AGP-
Website\\node_module
s\\@testing-library\
\react\\dist\\act-co
mpat.js:46:25\n' +
    '    at 
renderRoot (D:\\AGP-
Website\\node_module
s\\@testing-library\
\react\\dist\\pure.j
s:189:26)\n' +
    '    at render (
D:\\AGP-Website\\nod
e_modules\\@testing-
library\\react\\dist
\\pure.js:291:10)\n'
 +
    '    at D:/AGP-W
ebsite/src/test/Hero
.test.jsx:26:9\n' +
    '    at file:///
D:/AGP-Website/node_
modules/@vitest/runn
er/dist/index.js:145
:11\n' +
    '    at file:///
D:/AGP-Website/node_
modules/@vitest/runn
er/dist/index.js:915
:26\n' +
    '    at file:///
D:/AGP-Website/node_
modules/@vitest/runn
er/dist/index.js:124
3:20\n' +
    '    at new 
Promise 
(<anonymous>)',
  errors: [
    {
      stack: 
'TypeError: () => 
({\n' +
        '  
disconnect: __vite_s
sr_import_2__.vi.fn(
),\n' +
        '  observe: 
__vite_ssr_import_2_
_.vi.fn(),\n' +
        '  
takeRecords: 
...<omitted>...}) 
is not a 
constructor\n' +
        '    at new 
Mock (file:///D:/AGP
-Website/node_module
s/@vitest/spy/dist/i
ndex.js:262:27)\n' +
        '    at init
IntersectionObserver
 (file:///D:/AGP-Web
site/node_modules/fr
amer-motion/dist/es/
motion/features/view
port/observers.mjs:3
5:30)\n' +
        '    at 
observeIntersection 
(file:///D:/AGP-Webs
ite/node_modules/fra
mer-motion/dist/es/m
otion/features/viewp
ort/observers.mjs:40
:39)\n' +
        '    at InVi
ewFeature.startObser
ver (file:///D:/AGP-
Website/node_modules
/framer-motion/dist/
es/motion/features/v
iewport/index.mjs:52
:16)\n' +
        '    at 
InViewFeature.mount 
(file:///D:/AGP-Webs
ite/node_modules/fra
mer-motion/dist/es/m
otion/features/viewp
ort/index.mjs:55:14)
\n' +
        '    at HTML
VisualElement.update
Features (file:///D:
/AGP-Website/node_mo
dules/motion-dom/dis
t/es/render/VisualEl
ement.mjs:292:29)\n'
 +
        '    at file
:///D:/AGP-Website/n
ode_modules/framer-m
otion/dist/es/motion
/utils/use-visual-el
ement.mjs:91:23\n' +
        '    at Obje
ct.react_stack_botto
m_frame (D:\\AGP-Web
site\\node_modules\\
react-dom\\cjs\\reac
t-dom-client.develop
ment.js:25989:20)\n'
 +
        '    at 
runWithFiberInDEV (D
:\\AGP-Website\\node
_modules\\react-dom\
\cjs\\react-dom-clie
nt.development.js:87
4:13)\n' +
        '    at comm
itHookEffectListMoun
t (D:\\AGP-Website\\
node_modules\\react-
dom\\cjs\\react-dom-
client.development.j
s:13249:29)',
      message: '() 
=> ({\n' +
        '  
disconnect: __vite_s
sr_import_2__.vi.fn(
),\n' +
        '  observe: 
__vite_ssr_import_2_
_.vi.fn(),\n' +
        '  
takeRecords: 
...<omitted>...}) 
is not a 
constructor',
      constructor: '
Function<TypeError>'
,
      name: 
'TypeError',
      toString: 
'Function<toString>'
    },
    {
      stack: 
'TypeError: () => 
({\n' +
        '  
disconnect: __vite_s
sr_import_2__.vi.fn(
),\n' +
        '  observe: 
__vite_ssr_import_2_
_.vi.fn(),\n' +
        '  
takeRecords: 
...<omitted>...}) 
is not a 
constructor\n' +
        '    at new 
Mock (file:///D:/AGP
-Website/node_module
s/@vitest/spy/dist/i
ndex.js:262:27)\n' +
        '    at init
IntersectionObserver
 (file:///D:/AGP-Web
site/node_modules/fr
amer-motion/dist/es/
motion/features/view
port/observers.mjs:3
5:30)\n' +
        '    at 
observeIntersection 
(file:///D:/AGP-Webs
ite/node_modules/fra
mer-motion/dist/es/m
otion/features/viewp
ort/observers.mjs:40
:39)\n' +
        '    at InVi
ewFeature.startObser
ver (file:///D:/AGP-
Website/node_modules
/framer-motion/dist/
es/motion/features/v
iewport/index.mjs:52
:16)\n' +
        '    at 
InViewFeature.mount 
(file:///D:/AGP-Webs
ite/node_modules/fra
mer-motion/dist/es/m
otion/features/viewp
ort/index.mjs:55:14)
\n' +
        '    at HTML
VisualElement.update
Features (file:///D:
/AGP-Website/node_mo
dules/motion-dom/dis
t/es/render/VisualEl
ement.mjs:292:29)\n'
 +
        '    at file
:///D:/AGP-Website/n
ode_modules/framer-m
otion/dist/es/motion
/utils/use-visual-el
ement.mjs:91:23\n' +
        '    at Obje
ct.react_stack_botto
m_frame (D:\\AGP-Web
site\\node_modules\\
react-dom\\cjs\\reac
t-dom-client.develop
ment.js:25989:20)\n'
 +
        '    at 
runWithFiberInDEV (D
:\\AGP-Website\\node
_modules\\react-dom\
\cjs\\react-dom-clie
nt.development.js:87
4:13)\n' +
        '    at comm
itHookEffectListMoun
t (D:\\AGP-Website\\
node_modules\\react-
dom\\cjs\\react-dom-
client.development.j
s:13249:29)',
      message: '() 
=> ({\n' +
        '  
disconnect: __vite_s
sr_import_2__.vi.fn(
),\n' +
        '  observe: 
__vite_ssr_import_2_
_.vi.fn(),\n' +
        '  
takeRecords: 
...<omitted>...}) 
is not a 
constructor',
      constructor: '
Function<TypeError>'
,
      name: 
'TypeError',
      toString: 
'Function<toString>'
    }
  ],
  constructor: 'Func
tion<AggregateError>
',
  name: 
'AggregateError',
  message: '',
  toString: 'Functio
n<toString>',
  stacks: [
    {
      method: 
'aggregateErrors',
      file: 'D:/AGP-
Website/node_modules
/react/cjs/react.dev
elopment.js',
      line: 551,
      column: 11
    },
    {
      method: 'proce
ss.env.NODE_ENV.expo
rts.act',
      file: 'D:/AGP-
Website/node_modules
/react/cjs/react.dev
elopment.js',
      line: 897,
      column: 24
    },
    {
      method: '',
      file: 'D:/AGP-
Website/node_modules
/@testing-library/re
act/dist/act-compat.
js',
      line: 46,
      column: 25
    },
    {
      method: 
'renderRoot',
      file: 'D:/AGP-
Website/node_modules
/@testing-library/re
act/dist/pure.js',
      line: 189,
      column: 26
    },
    {

[2m Test Files [22m [1m[31m1 failed[39m[22m[90m (1)[39m
[2m      Tests [22m [1m[31m4 failed[39m[22m[90m (4)[39m
[2m   Start at [22m 15:37:37
[2m   Duration [22m 1.20s[2m (transform 51ms, setup 157ms, import 282ms, tests 83ms, environment 524ms)[22m

      method: 
'render',
      file: 'D:/AGP-
Website/node_modules
/@testing-library/re
act/dist/pure.js',
      line: 291,
      column: 10
    },
    {
      method: '',
      file: 'D:/AGP-
Website/src/test/Her
o.test.jsx',
      line: 26,
      column: 9
    }
  ]
}
[90m [2mΓ¥»[22m 
aggregateErrors node
_modules/react/cjs/r
eact.development.js:
[2m551:11[22m[39m
[90m [2mΓ¥»[22m p
rocess.env.NODE_ENV.
exports.act node_mod
ules/react/cjs/react
.development.js:[2m
897:24[22m[39m
[90m [2mΓ¥»[22m n
ode_modules/@testing
-library/react/dist/
act-compat.js:[2m46
:25[22m[39m
[90m [2mΓ¥»[22m 
renderRoot node_modu
les/@testing-library
/react/dist/pure.js:
[2m189:26[22m[39m
[90m [2mΓ¥»[22m 
render node_modules/
@testing-library/rea
ct/dist/pure.js:[2m
291:10[22m[39m
[36m [2mΓ¥»[22m s
rc/test/Hero.test.js
x:[2m26:9[22m[39m
    [90m 24| [39m
    [90m 25| [39m 
   it('renders the 
floating delivery 
card with correct 
animation clasΓÇª
    [90m 26| [39m 
       [34mrender[
39m([33m<[39m[33m
Hero[39m [33m/[39
m[33m>[39m)[33m;
[39m
    [90m   | [39m 
       [31m^[39m
    [90m 27| [39m 
       [90m// Find 
the card by text 
content[39m
    [90m 28| [39m 
       
[35mconst[39m 
cardText 
[33m=[39m screen[
33m.[39m[34mgetByT
ext[39m([36m/Order
 Delivered/i[39m)[
33m;[39m

[31m[2mΓÄ»ΓÄ»ΓÄ»ΓÄ
»ΓÄ»ΓÄ»ΓÄ»ΓÄ»ΓÄ»ΓÄ»Γ
Ä»ΓÄ»ΓÄ»ΓÄ»ΓÄ»ΓÄ»ΓÄ»
ΓÄ»ΓÄ»ΓÄ»ΓÄ»ΓÄ»ΓÄ»ΓÄ
»[4/4]ΓÄ»[22m[39m

